Chord: C
fret:0
fret:1
fret:0
fret:2
fret:3
fret:-1
fret:0
{
  "version": {
    "major": "5",
    "minor": "10"
  },
  "title": "",
  "subtitle": "",
  "artist": "",
  "album": "",
  "lyricsAuthor": "",
  "musicAuthor": "",
  "copyright": "",
  "tab": "",
  "instructions": "",
  "comments": [],
  "lyric": {
    "from": 0,
    "lyric": ""
  },
  "tempoValue": 120,
  "keySignature": 0,
  "channels": [
    {
      "program": 25,
      "volume": 3,
      "balance": 8,
      "chorus": 0,
      "reverb": 0,
      "phaser": 0,
      "tremolo": 0,
      "bank": "default bank"
    },
    {
      "program": 25,
      "volume": 3,
      "balance": 8,
      "chorus": 0,
      "reverb": 0,
      "phaser": 0,
      "tremolo": 0,
      "bank": "default bank"
    },
    {
      "program": 0,
      "volume": 0,
      "balance": 0,
      "chorus": 0,
      "reverb": 0,
      "phaser": 0,
      "tremolo": 0,
      "bank": "default bank"
    },
    {
      "program": 0,
      "volume": 0,
      "balance": 0,
      "chorus": 0,
      "reverb": 0,
      "phaser": 0,
      "tremolo": 0,
      "bank": "default bank"
    },
    {
      "program": 0,
      "volume": 0,
      "balance": 0,
      "chorus": 0,
      "reverb": 0,
      "phaser": 0,
      "tremolo": 0,
      "bank": "default bank"
    },
    {
      "program": 0,
      "volume": 0,
      "balance": 0,
      "chorus": 0,
      "reverb": 0,
      "phaser": 0,
      "tremolo": 0,
      "bank": "default bank"
    },
    {
      "program": 0,
      "volume": 0,
      "balance": 0,
      "chorus": 0,
      "reverb": 0,
      "phaser": 0,
      "tremolo": 0,
      "bank": "default bank"
    },
    {
      "program": 0,
      "volume": 0,
      "balance": 0,
      "chorus": 0,
      "reverb": 0,
      "phaser": 0,
      "tremolo": 0,
      "bank": "default bank"
    },
    {
      "program": 0,
      "volume": 0,
      "balance": 0,
      "chorus": 0,
      "reverb": 0,
      "phaser": 0,
      "tremolo": 0,
      "bank": "default bank"
    },
    {
      "program": 0,
      "volume": 0,
      "balance": 0,
      "chorus": 0,
      "reverb": 0,
      "phaser": 0,
      "tremolo": 0,
      "bank": "default percussion bank"
    },
    {
      "program": 0,
      "volume": 0,
      "balance": 0,
      "chorus": 0,
      "reverb": 0,
      "phaser": 0,
      "tremolo": 0,
      "bank": "default bank"
    },
    {
      "program": 0,
      "volume": 0,
      "balance": 0,
      "chorus": 0,
      "reverb": 0,
      "phaser": 0,
      "tremolo": 0,
      "bank": "default bank"
    },
    {
      "program": 0,
      "volume": 0,
      "balance": 0,
      "chorus": 0,
      "reverb": 0,
      "phaser": 0,
      "tremolo": 0,
      "bank": "default bank"
    },
    {
      "program": 0,
      "volume": 0,
      "balance": 0,
      "chorus": 0,
      "reverb": 0,
      "phaser": 0,
      "tremolo": 0,
      "bank": "default bank"
    },
    {
      "program": 0,
      "volume": 0,
      "balance": 0,
      "chorus": 0,
      "reverb": 0,
      "phaser": 0,
      "tremolo": 0,
      "bank": "default bank"
    },
    {
      "program": 0,
      "volume": 0,
      "balance": 0,
      "chorus": 0,
      "reverb": 0,
      "phaser": 0,
      "tremolo": 0,
      "bank": "default bank"
    },
    {
      "program": 0,
      "volume": 0,
      "balance": 0,
      "chorus": 0,
      "reverb": 0,
      "phaser": 0,
      "tremolo": 0,
      "bank": "default bank"
    },
    {
      "program": 0,
      "volume": 0,
      "balance": 0,
      "chorus": 0,
      "reverb": 0,
      "phaser": 0,
      "tremolo": 0,
      "bank": "default bank"
    },
    {
      "program": 0,
      "volume": 0,
      "balance": 0,
      "chorus": 0,
      "reverb": 0,
      "phaser": 0,
      "tremolo": 0,
      "bank": "default bank"
    },
    {
      "program": 0,
      "volume": 0,
      "balance": 0,
      "chorus": 0,
      "reverb": 0,
      "phaser": 0,
      "tremolo": 0,
      "bank": "default bank"
    },
    {
      "program": 0,
      "volume": 0,
      "balance": 0,
      "chorus": 0,
      "reverb": 0,
      "phaser": 0,
      "tremolo": 0,
      "bank": "default bank"
    },
    {
      "program": 0,
      "volume": 0,
      "balance": 0,
      "chorus": 0,
      "reverb": 0,
      "phaser": 0,
      "tremolo": 0,
      "bank": "default bank"
    },
    {
      "program": 0,
      "volume": 0,
      "balance": 0,
      "chorus": 0,
      "reverb": 0,
      "phaser": 0,
      "tremolo": 0,
      "bank": "default bank"
    },
    {
      "program": 0,
      "volume": 0,
      "balance": 0,
      "chorus": 0,
      "reverb": 0,
      "phaser": 0,
      "tremolo": 0,
      "bank": "default bank"
    },
    {
      "program": 0,
      "volume": 0,
      "balance": 0,
      "chorus": 0,
      "reverb": 0,
      "phaser": 0,
      "tremolo": 0,
      "bank": "default bank"
    },
    {
      "program": 0,
      "volume": 0,
      "balance": 0,
      "chorus": 0,
      "reverb": 0,
      "phaser": 0,
      "tremolo": 0,
      "bank": "default bank"
    },
    {
      "program": 0,
      "volume": 0,
      "balance": 0,
      "chorus": 0,
      "reverb": 0,
      "phaser": 0,
      "tremolo": 0,
      "bank": "default bank"
    },
    {
      "program": 0,
      "volume": 0,
      "balance": 0,
      "chorus": 0,
      "reverb": 0,
      "phaser": 0,
      "tremolo": 0,
      "bank": "default bank"
    },
    {
      "program": 0,
      "volume": 0,
      "balance": 0,
      "chorus": 0,
      "reverb": 0,
      "phaser": 0,
      "tremolo": 0,
      "bank": "default bank"
    },
    {
      "program": 0,
      "volume": 0,
      "balance": 0,
      "chorus": 0,
      "reverb": 0,
      "phaser": 0,
      "tremolo": 0,
      "bank": "default bank"
    },
    {
      "program": 0,
      "volume": 0,
      "balance": 0,
      "chorus": 0,
      "reverb": 0,
      "phaser": 0,
      "tremolo": 0,
      "bank": "default bank"
    },
    {
      "program": 0,
      "volume": 0,
      "balance": 0,
      "chorus": 0,
      "reverb": 0,
      "phaser": 0,
      "tremolo": 0,
      "bank": "default bank"
    },
    {
      "program": 0,
      "volume": 0,
      "balance": 0,
      "chorus": 0,
      "reverb": 0,
      "phaser": 0,
      "tremolo": 0,
      "bank": "default bank"
    },
    {
      "program": 0,
      "volume": 0,
      "balance": 0,
      "chorus": 0,
      "reverb": 0,
      "phaser": 0,
      "tremolo": 0,
      "bank": "default bank"
    },
    {
      "program": 0,
      "volume": 0,
      "balance": 0,
      "chorus": 0,
      "reverb": 0,
      "phaser": 0,
      "tremolo": 0,
      "bank": "default bank"
    },
    {
      "program": 0,
      "volume": 0,
      "balance": 0,
      "chorus": 0,
      "reverb": 0,
      "phaser": 0,
      "tremolo": 0,
      "bank": "default bank"
    },
    {
      "program": 0,
      "volume": 0,
      "balance": 0,
      "chorus": 0,
      "reverb": 0,
      "phaser": 0,
      "tremolo": 0,
      "bank": "default bank"
    },
    {
      "program": 0,
      "volume": 0,
      "balance": 0,
      "chorus": 0,
      "reverb": 0,
      "phaser": 0,
      "tremolo": 0,
      "bank": "default bank"
    },
    {
      "program": 0,
      "volume": 0,
      "balance": 0,
      "chorus": 0,
      "reverb": 0,
      "phaser": 0,
      "tremolo": 0,
      "bank": "default bank"
    },
    {
      "program": 0,
      "volume": 0,
      "balance": 0,
      "chorus": 0,
      "reverb": 0,
      "phaser": 0,
      "tremolo": 0,
      "bank": "default bank"
    },
    {
      "program": 0,
      "volume": 0,
      "balance": 0,
      "chorus": 0,
      "reverb": 0,
      "phaser": 0,
      "tremolo": 0,
      "bank": "default bank"
    },
    {
      "program": 0,
      "volume": 0,
      "balance": 0,
      "chorus": 0,
      "reverb": 0,
      "phaser": 0,
      "tremolo": 0,
      "bank": "default bank"
    },
    {
      "program": 0,
      "volume": 0,
      "balance": 0,
      "chorus": 0,
      "reverb": 0,
      "phaser": 0,
      "tremolo": 0,
      "bank": "default bank"
    },
    {
      "program": 0,
      "volume": 0,
      "balance": 0,
      "chorus": 0,
      "reverb": 0,
      "phaser": 0,
      "tremolo": 0,
      "bank": "default bank"
    },
    {
      "program": 0,
      "volume": 0,
      "balance": 0,
      "chorus": 0,
      "reverb": 0,
      "phaser": 0,
      "tremolo": 0,
      "bank": "default bank"
    },
    {
      "program": 0,
      "volume": 0,
      "balance": 0,
      "chorus": 0,
      "reverb": 0,
      "phaser": 0,
      "tremolo": 0,
      "bank": "default bank"
    },
    {
      "program": 0,
      "volume": 0,
      "balance": 0,
      "chorus": 0,
      "reverb": 0,
      "phaser": 0,
      "tremolo": 0,
      "bank": "default bank"
    },
    {
      "program": 0,
      "volume": 0,
      "balance": 0,
      "chorus": 0,
      "reverb": 0,
      "phaser": 0,
      "tremolo": 0,
      "bank": "default bank"
    },
    {
      "program": 0,
      "volume": 0,
      "balance": 0,
      "chorus": 0,
      "reverb": 0,
      "phaser": 0,
      "tremolo": 0,
      "bank": "default bank"
    },
    {
      "program": 0,
      "volume": 0,
      "balance": 0,
      "chorus": 0,
      "reverb": 0,
      "phaser": 0,
      "tremolo": 0,
      "bank": "default bank"
    },
    {
      "program": 0,
      "volume": 0,
      "balance": 0,
      "chorus": 0,
      "reverb": 0,
      "phaser": 0,
      "tremolo": 0,
      "bank": "default bank"
    },
    {
      "program": 0,
      "volume": 0,
      "balance": 0,
      "chorus": 0,
      "reverb": 0,
      "phaser": 0,
      "tremolo": 0,
      "bank": "default bank"
    },
    {
      "program": 0,
      "volume": 0,
      "balance": 0,
      "chorus": 0,
      "reverb": 0,
      "phaser": 0,
      "tremolo": 0,
      "bank": "default bank"
    },
    {
      "program": 0,
      "volume": 0,
      "balance": 0,
      "chorus": 0,
      "reverb": 0,
      "phaser": 0,
      "tremolo": 0,
      "bank": "default bank"
    },
    {
      "program": 0,
      "volume": 0,
      "balance": 0,
      "chorus": 0,
      "reverb": 0,
      "phaser": 0,
      "tremolo": 0,
      "bank": "default bank"
    },
    {
      "program": 0,
      "volume": 0,
      "balance": 0,
      "chorus": 0,
      "reverb": 0,
      "phaser": 0,
      "tremolo": 0,
      "bank": "default bank"
    },
    {
      "program": 0,
      "volume": 0,
      "balance": 0,
      "chorus": 0,
      "reverb": 0,
      "phaser": 0,
      "tremolo": 0,
      "bank": "default bank"
    },
    {
      "program": 0,
      "volume": 0,
      "balance": 0,
      "chorus": 0,
      "reverb": 0,
      "phaser": 0,
      "tremolo": 0,
      "bank": "default bank"
    },
    {
      "program": 0,
      "volume": 0,
      "balance": 0,
      "chorus": 0,
      "reverb": 0,
      "phaser": 0,
      "tremolo": 0,
      "bank": "default bank"
    },
    {
      "program": 0,
      "volume": 0,
      "balance": 0,
      "chorus": 0,
      "reverb": 0,
      "phaser": 0,
      "tremolo": 0,
      "bank": "default bank"
    },
    {
      "program": 0,
      "volume": 0,
      "balance": 0,
      "chorus": 0,
      "reverb": 0,
      "phaser": 0,
      "tremolo": 0,
      "bank": "default bank"
    },
    {
      "program": 0,
      "volume": 0,
      "balance": 0,
      "chorus": 0,
      "reverb": 0,
      "phaser": 0,
      "tremolo": 0,
      "bank": "default bank"
    },
    {
      "program": 0,
      "volume": 0,
      "balance": 0,
      "chorus": 0,
      "reverb": 0,
      "phaser": 0,
      "tremolo": 0,
      "bank": "default bank"
    },
    {
      "program": 0,
      "volume": 0,
      "balance": 0,
      "chorus": 0,
      "reverb": 0,
      "phaser": 0,
      "tremolo": 0,
      "bank": "default bank"
    }
  ],
  "measures": 3,
  "trackCount": 1,
  "measureHeaders": [
    {
      "number": 1,
      "start": 960,
      "tempo": {
        "value": 120
      },
      "repeatOpen": false,
      "timeSignature": {
        "numerator": 4,
        "denominator": {
          "value": 4,
          "division": {
            "enters": 1,
            "times": 1
          }
        }
      },
      "tripletFeel": "none"
    },
    {
      "number": 2,
      "start": 4800,
      "tempo": {
        "value": 120
      },
      "repeatOpen": false,
      "timeSignature": {
        "numerator": 4,
        "denominator": {
          "value": 4,
          "division": {
            "enters": 1,
            "times": 1
          }
        }
      },
      "tripletFeel": "none"
    },
    {
      "number": 3,
      "start": 8640,
      "tempo": {
        "value": 120
      },
      "repeatOpen": false,
      "timeSignature": {
        "numerator": 4,
        "denominator": {
          "value": 4,
          "division": {
            "enters": 1,
            "times": 1
          }
        }
      },
      "tripletFeel": "none"
    }
  ],
  "tracks": [
    {
      "number": 1,
      "lyrics": {},
      "name": "Steel Guitar",
      "strings": [
        {
          "number": 1,
          "value": 64
        },
        {
          "number": 2,
          "value": 59
        },
        {
          "number": 3,
          "value": 55
        },
        {
          "number": 4,
          "value": 50
        },
        {
          "number": 5,
          "value": 45
        },
        {
          "number": 6,
          "value": 40
        }
      ],
      "offset": 0,
      "color": {
        "r": 237,
        "g": 116,
        "b": 116
      },
      "measures": [
        {
          "header": {
            "number": 1,
            "start": 960,
            "tempo": {
              "value": 120
            },
            "repeatOpen": false,
            "timeSignature": {
              "numerator": 4,
              "denominator": {
                "value": 4,
                "division": {
                  "enters": 1,
                  "times": 1
                }
              }
            },
            "tripletFeel": "none"
          },
          "start": 960,
          "beats": [
            {
              "start": 960,
              "voices": [
                {
                  "notes": [
                    {
                      "string": 2,
                      "effect": {
                        "accentuatedNote": false,
                        "heavyAccentuatedNote": false,
                        "ghostNote": false,
                        "deadNote": false
                      },
                      "tiedNote": false,
                      "velocity": null,
                      "value": 2
                    }
                  ],
                  "duration": 960
                },
                {
                  "notes": [],
                  "empty": true,
                  "duration": 960
                }
              ],
              "chord": {
                "strings": 6,
                "frets": [
                  1
                ],
                "name": "C"
              }
            },
            {
              "start": 1920,
              "voices": [
                {
                  "notes": [
                    {
                      "string": 2,
                      "effect": {
                        "accentuatedNote": false,
                        "heavyAccentuatedNote": false,
                        "ghostNote": false,
                        "deadNote": false
                      },
                      "tiedNote": false,
                      "velocity": null,
                      "value": 3
                    }
                  ],
                  "duration": 960
                },
                {
                  "notes": []
                }
              ]
            },
            {
              "start": 2880,
              "voices": [
                {
                  "notes": [
                    {
                      "string": 1,
                      "effect": {
                        "accentuatedNote": false,
                        "heavyAccentuatedNote": false,
                        "ghostNote": false,
                        "deadNote": false,
                        "slide": true,
                        "hammer": false,
                        "letRing": false,
                        "vibrato": false,
                        "palmMute": false,
                        "staccato": false
                      },
                      "tiedNote": false,
                      "velocity": null,
                      "value": 2
                    }
                  ],
                  "duration": 960
                },
                {
                  "notes": []
                }
              ]
            },
            {
              "start": 3840,
              "voices": [
                {
                  "notes": [
                    {
                      "string": 1,
                      "effect": {
                        "accentuatedNote": false,
                        "heavyAccentuatedNote": false,
                        "ghostNote": false,
                        "deadNote": false
                      },
                      "tiedNote": false,
                      "velocity": null,
                      "value": 5
                    },
                    {
                      "string": 2,
                      "effect": {
                        "accentuatedNote": false,
                        "heavyAccentuatedNote": false,
                        "ghostNote": false,
                        "deadNote": false
                      },
                      "tiedNote": false,
                      "velocity": null,
                      "value": 4
                    },
                    {
                      "string": 4,
                      "effect": {
                        "accentuatedNote": false,
                        "heavyAccentuatedNote": false,
                        "ghostNote": false,
                        "deadNote": false
                      },
                      "tiedNote": false,
                      "velocity": null,
                      "value": 2
                    }
                  ],
                  "duration": 960
                },
                {
                  "notes": []
                }
              ]
            }
          ],
          "clef": "CLEF_TREBLE",
          "keySignature": 0
        },
        {
          "header": {
            "number": 2,
            "start": 4800,
            "tempo": {
              "value": 120
            },
            "repeatOpen": false,
            "timeSignature": {
              "numerator": 4,
              "denominator": {
                "value": 4,
                "division": {
                  "enters": 1,
                  "times": 1
                }
              }
            },
            "tripletFeel": "none"
          },
          "start": 4800,
          "beats": [
            {
              "start": 4800,
              "voices": [
                {
                  "notes": [
                    {
                      "string": 1,
                      "effect": {
                        "accentuatedNote": false,
                        "heavyAccentuatedNote": false,
                        "ghostNote": false,
                        "deadNote": false,
                        "hammer": true,
                        "letRing": false,
                        "vibrato": false,
                        "palmMute": false,
                        "staccato": false
                      },
                      "tiedNote": false,
                      "velocity": null,
                      "value": 4
                    }
                  ],
                  "duration": 960
                },
                {
                  "notes": [],
                  "empty": true,
                  "duration": 960
                }
              ]
            },
            {
              "start": 5760,
              "voices": [
                {
                  "notes": [
                    {
                      "string": 1,
                      "effect": {
                        "accentuatedNote": false,
                        "heavyAccentuatedNote": false,
                        "ghostNote": false,
                        "deadNote": false
                      },
                      "tiedNote": false,
                      "velocity": null,
                      "value": 6
                    },
                    {
                      "string": 2,
                      "effect": {
                        "accentuatedNote": false,
                        "heavyAccentuatedNote": false,
                        "ghostNote": false,
                        "deadNote": false
                      },
                      "tiedNote": false,
                      "velocity": null,
                      "value": 4
                    }
                  ],
                  "duration": 960
                },
                {
                  "notes": []
                }
              ]
            },
            {
              "start": 6720,
              "voices": [
                {
                  "notes": [
                    {
                      "string": 2,
                      "effect": {
                        "accentuatedNote": false,
                        "heavyAccentuatedNote": false,
                        "ghostNote": false,
                        "deadNote": false
                      },
                      "tiedNote": false,
                      "velocity": null,
                      "value": 5
                    },
                    {
                      "string": 4,
                      "effect": {
                        "accentuatedNote": false,
                        "heavyAccentuatedNote": false,
                        "ghostNote": false,
                        "deadNote": false
                      },
                      "tiedNote": false,
                      "velocity": null,
                      "value": 5
                    }
                  ],
                  "duration": 960
                },
                {
                  "notes": []
                }
              ]
            },
            {
              "start": 7680,
              "voices": [
                {
                  "notes": [
                    {
                      "string": 3,
                      "effect": {
                        "accentuatedNote": false,
                        "heavyAccentuatedNote": false,
                        "ghostNote": false,
                        "deadNote": false
                      },
                      "tiedNote": false,
                      "velocity": null,
                      "value": 4
                    }
                  ],
                  "duration": 960
                },
                {
                  "notes": []
                }
              ]
            }
          ],
          "clef": "CLEF_TREBLE",
          "keySignature": 0
        },
        {
          "header": {
            "number": 3,
            "start": 8640,
            "tempo": {
              "value": 120
            },
            "repeatOpen": false,
            "timeSignature": {
              "numerator": 4,
              "denominator": {
                "value": 4,
                "division": {
                  "enters": 1,
                  "times": 1
                }
              }
            },
            "tripletFeel": "none"
          },
          "start": 8640,
          "beats": [
            {
              "start": 8640,
              "voices": [
                {
                  "notes": [
                    {
                      "string": 4,
                      "effect": {
                        "accentuatedNote": false,
                        "heavyAccentuatedNote": false,
                        "ghostNote": false,
                        "deadNote": false
                      },
                      "tiedNote": false,
                      "velocity": null,
                      "value": 2
                    }
                  ],
                  "duration": 960
                },
                {
                  "notes": [],
                  "empty": true,
                  "duration": 960
                }
              ]
            },
            {
              "start": 9600,
              "voices": [
                {
                  "notes": [
                    {
                      "string": 2,
                      "effect": {
                        "accentuatedNote": false,
                        "heavyAccentuatedNote": false,
                        "ghostNote": false,
                        "deadNote": false
                      },
                      "tiedNote": false,
                      "velocity": null,
                      "value": 3
                    }
                  ],
                  "duration": 960
                },
                {
                  "notes": []
                }
              ]
            },
            {
              "start": 10560,
              "voices": [
                {
                  "notes": [
                    {
                      "string": 3,
                      "effect": {
                        "accentuatedNote": false,
                        "heavyAccentuatedNote": false,
                        "ghostNote": false,
                        "deadNote": false
                      },
                      "tiedNote": false,
                      "velocity": null,
                      "value": 0
                    }
                  ],
                  "duration": 960
                },
                {
                  "notes": []
                }
              ]
            },
            {
              "start": 11520,
              "voices": [
                {
                  "notes": [
                    {
                      "string": 2,
                      "effect": {
                        "accentuatedNote": false,
                        "heavyAccentuatedNote": false,
                        "ghostNote": false,
                        "deadNote": false
                      },
                      "tiedNote": false,
                      "velocity": null,
                      "value": 1
                    }
                  ],
                  "duration": 960
                },
                {
                  "notes": []
                }
              ]
            }
          ],
          "clef": "CLEF_TREBLE",
          "keySignature": 0
        }
      ]
    }
  ]
}
